Microchip MPLAB XC8 Compiler V2.32

Linker command line:

-W-3 --edf=C:\Program Files\Microchip\xc8\v2.32\pic\dat\en_msgs.txt -cn \
  -h+dist/default/production\Inicializar_LCD-2.X.production.sym \
  --cmf=dist/default/production\Inicializar_LCD-2.X.production.cmf -z \
  -Q18F46K22 -oC:\Users\ANDREY~1.HIE\AppData\Local\Temp\xcAse1c.4 \
  --defsym=__MPLAB_BUILD=1 \
  -Mdist/default/production/Inicializar_LCD-2.X.production.map -E1 \
  -ver=XC8 Compiler --acfsm=1493 -ASTACK=0D7h-0F37h -pstack=STACK \
  -ACODE=00h-0FFFFh -ACONST=00h-0FFFFh -ASMALLCONST=01000h-010FFhx240 \
  -AMEDIUMCONST=01000h-0FFFFh -ACOMRAM=01h-05Fh -AABS1=00h-0F37h \
  -ABIGRAM=01h-0F37h -ARAM=060h-0FFh,0100h-01FFhx14,0F00h-0F37h \
  -ABANK0=060h-0FFh -ABANK1=0100h-01FFh -ABANK2=0200h-02FFh \
  -ABANK3=0300h-03FFh -ABANK4=0400h-04FFh -ABANK5=0500h-05FFh \
  -ABANK6=0600h-06FFh -ABANK7=0700h-07FFh -ABANK8=0800h-08FFh \
  -ABANK9=0900h-09FFh -ABANK10=0A00h-0AFFh -ABANK11=0B00h-0BFFh \
  -ABANK12=0C00h-0CFFh -ABANK13=0D00h-0DFFh -ABANK14=0E00h-0EFFh \
  -ABANK15=0F00h-0F37h -ASFR=0F38h-0F5Fh,0F60h-0FFFh \
  -ACONFIG=0300000h-030000Dh -AIDLOC=0200000h-0200007h \
  -AEEDATA=0F00000h-0F003FFh -peeprom_data=EEDATA \
  -preset_vec=00h,intcode=08h,intcodelo,powerup,init -pramtop=01000h \
  -psmallconst=SMALLCONST -pmediumconst=MEDIUMCONST -pconst=CONST \
  -AFARRAM=00h-00h \
  -prdata=COMRAM,nvrram=COMRAM,nvbit=COMRAM,rbss=COMRAM,rbit=COMRAM \
  -pfarbss=FARRAM,fardata=FARRAM,nvFARRAM=FARRAM \
  -pintsave_regs=BIGRAM,bigbss=BIGRAM,bigdata=BIGRAM -pbss=RAM \
  -pidata=CODE,irdata=CODE,ibigdata=CODE,ifardata=CODE -prparam=COMRAM \
  C:\Users\ANDREY~1.HIE\AppData\Local\Temp\xcAse1c.o \
  dist/default/production\Inicializar_LCD-2.X.production.o 

Object code version is 3.11

Machine type is 18F46K22



                Name                               Link     Load   Length Selector   Space Scale
C:\Users\ANDREY~1.HIE\AppData\Local\Temp\xcAse1c.o
                idloc                            200000   200000        8        0       5
                config                           300000   300000        E        0       4
                init                                 42       42        4        4       0
                reset_vec                             0        0        4        0       0
dist/default/production\Inicializar_LCD-2.X.production.o
                intcode                               8        8       3A        4       0
                idloc                            200000   200000        8        0       5
                config                           300000   300000        E        0       4
                temp                                 5F       5F        1        1       1
                smallconst                         1000     1000       14      800       0
                text31                             20FE     20FE       12      80A       0
                text30                             1FD4     1FD4       32      80A       0
                text29                             1CB4     1CB4       74      80A       0
                text28                             1DEC     1DEC       58      80A       0
                text27                             20D4     20D4       16      80A       0
                text26                             202C     202C       26      80A       0
                text25                             20BC     20BC       18      80A       0
                text24                             20A4     20A4       18      80A       0
                text23                             208C     208C       18      80A       0
                text22                             2074     2074       18      80A       0
                text21                             1D8A     1D8A       62      80A       0
                text20                             1EDA     1EDA       44      80A       0
                text19                             2052     2052       22      80A       0
                text18                             1796     1796      112      80A       0
                text17                             1C40     1C40       74      80A       0
                text16                             18A8     18A8      106      80A       0
                text15                             2110     2110        A      80A       0
                text14                             20EA     20EA       14      80A       0
                text13                             14AA     14AA      188      80A       0
                text12                             1632     1632      164      80A       0
                text11                             1F5E     1F5E       40      80A       0
                text10                             211A     211A        2      80A       0
                text9                              19AE     19AE       CA      80A       0
                text8                              1E96     1E96       44      80A       0
                text7                              1F9E     1F9E       36      80A       0
                text6                              1A78     1A78       C6      80A       0
                text5                              1014     1014      2E2      80A       0
                text4                              12F6     12F6      1B4      80A       0
                text3                              1D28     1D28       62      80A       0
                text2                              1E44     1E44       52      80A       0
                text1                              1BC6     1BC6       7A      80A       0
                text0                              1B3E     1B3E       88      80A       0
                cstackCOMRAM                          1        1       5D        1       1
                cstackBANK0                          CF       CF        8       60       1
                dataBANK0                            A9       A9       26       60       1
                bssBANK0                             60       60       49       60       1
                bssCOMRAM                            5E       5E        1        1       1
                cinit                              1F1E     1F1E       40      80A       0
                idataBANK0                         2006     2006       26      80A       0

TOTAL           Name                               Link     Load   Length     Space
        CLASS   STACK          

        CLASS   CODE           
                intcode                               8        8       3A         0
                init                                 42       42        4         0
                reset_vec                             0        0        4         0
                text31                             20FE     20FE       12         0
                text30                             1FD4     1FD4       32         0
                text29                             1CB4     1CB4       74         0
                text28                             1DEC     1DEC       58         0
                text27                             20D4     20D4       16         0
                text26                             202C     202C       26         0
                text25                             20BC     20BC       18         0
                text24                             20A4     20A4       18         0
                text23                             208C     208C       18         0
                text22                             2074     2074       18         0
                text21                             1D8A     1D8A       62         0
                text20                             1EDA     1EDA       44         0
                text19                             2052     2052       22         0
                text18                             1796     1796      112         0
                text17                             1C40     1C40       74         0
                text16                             18A8     18A8      106         0
                text15                             2110     2110        A         0
                text14                             20EA     20EA       14         0
                text13                             14AA     14AA      188         0
                text12                             1632     1632      164         0
                text11                             1F5E     1F5E       40         0
                text10                             211A     211A        2         0
                text9                              19AE     19AE       CA         0
                text8                              1E96     1E96       44         0
                text7                              1F9E     1F9E       36         0
                text6                              1A78     1A78       C6         0
                text5                              1014     1014      2E2         0
                text4                              12F6     12F6      1B4         0
                text3                              1D28     1D28       62         0
                text2                              1E44     1E44       52         0
                text1                              1BC6     1BC6       7A         0
                text0                              1B3E     1B3E       88         0
                cinit                              1F1E     1F1E       40         0
                idataBANK0                         2006     2006       26         0

        CLASS   CONST          

        CLASS   SMALLCONST     
                smallconst                         1000     1000       14         0

        CLASS   MEDIUMCONST    

        CLASS   COMRAM         
                temp                                 5F       5F        1         1
                cstackCOMRAM                          1        1       5D         1
                bssCOMRAM                            5E       5E        1         1

        CLASS   ABS1           

        CLASS   BIGRAM         

        CLASS   RAM            

        CLASS   BANK0          
                cstackBANK0                          CF       CF        8         1
                dataBANK0                            A9       A9       26         1
                bssBANK0                             60       60       49         1

        CLASS   BANK1          

        CLASS   BANK2          

        CLASS   BANK3          

        CLASS   BANK4          

        CLASS   BANK5          

        CLASS   BANK6          

        CLASS   BANK7          

        CLASS   BANK8          

        CLASS   BANK9          

        CLASS   BANK10         

        CLASS   BANK11         

        CLASS   BANK12         

        CLASS   BANK13         

        CLASS   BANK14         

        CLASS   BANK15         

        CLASS   SFR            

        CLASS   CONFIG         
                config                           300000   300000        E         4

        CLASS   IDLOC          
                idloc                            200000   200000        8         5

        CLASS   EEDATA         

        CLASS   FARRAM         



SEGMENTS        Name                           Load    Length   Top    Selector   Space  Class

                reset_vec                      000000  000004  000004         0       0  CODE    
                cstackCOMRAM                   000001  00005F  000060         1       1  COMRAM  
                intcode                        000008  00003E  000046         4       0  CODE    
                bssBANK0                       000060  000077  0000D7        60       1  BANK0   
                smallconst                     001000  000014  001014       800       0  SMALLCON
                text5                          001014  001108  00211C       80A       0  CODE    


UNUSED ADDRESS RANGES

        Name                Unused          Largest block    Delta
        BANK0            0000D7-0000FF               29
        BANK1            000100-0001FF              100
        BANK10           000A00-000AFF              100
        BANK11           000B00-000BFF              100
        BANK12           000C00-000CFF              100
        BANK13           000D00-000DFF              100
        BANK14           000E00-000EFF              100
        BANK15           000F00-000F37               38
        BANK2            000200-0002FF              100
        BANK3            000300-0003FF              100
        BANK4            000400-0004FF              100
        BANK5            000500-0005FF              100
        BANK6            000600-0006FF              100
        BANK7            000700-0007FF              100
        BANK8            000800-0008FF              100
        BANK9            000900-0009FF              100
        BIGRAM           0000D7-000F37              E61
        CODE             000004-000007                4
                         000046-000FFF              FBA
                         00211C-00FFFF             DEE4
        CONST            000004-000007                4
                         000046-000FFF              FBA
                         00211C-00FFFF             DEE4
        EEDATA           F00000-F003FF              400
        MEDIUMCONST      00211C-00FFFF             DEE4
        RAM              0000D7-000F37              100
        SFR              000F38-000FFF               28
        SMALLCONST       00211C-00FFFF              100
        STACK            0000D7-000F37              E61

                                  Symbol Table

?_ADC_Read                  cstackCOMRAM 000001
?___aodiv                   cstackCOMRAM 000001
?___aomod                   cstackCOMRAM 000001
?___lwdiv                   cstackCOMRAM 000001
?_abs                       cstackCOMRAM 000013
?_dtoa                      cstackCOMRAM 00001C
?_getMedia                  cstackCOMRAM 000001
?_pad                       cstackCOMRAM 000011
?_sprintf                   cstackCOMRAM 000058
?_strlen                    cstackCOMRAM 000001
?_vfpfcnvrt                 cstackCOMRAM 000040
?_vfprintf                  cstackCOMRAM 000050
ADC_Read@digital            cstackCOMRAM 000005
Set_Line@line               cstackCOMRAM 000001
Write_caracter@c            cstackCOMRAM 000003
_ADCON0                     (abs)        000FC2
_ADCON0bits                 (abs)        000FC2
_ADCON1                     (abs)        000FC1
_ADCON2                     (abs)        000FC0
_ADC_Read                   text30       001FD4
_ADRESH                     (abs)        000FC4
_ADRESL                     (abs)        000FC3
_GIE                        (abs)        007F97
_INTCONbits                 (abs)        000FF2
_Init_Timers                text31       0020FE
_LATB                       (abs)        000F8A
_LATB0                      (abs)        007C50
_LATB1                      (abs)        007C51
_LATB2                      (abs)        007C52
_LATB3                      (abs)        007C53
_LATB4                      (abs)        007C54
_LATB5                      (abs)        007C55
_LATB6                      (abs)        007C56
_LATB7                      (abs)        007C57
_LATC                       (abs)        000F8B
_LATC0                      (abs)        007C58
_LATC4                      (abs)        007C5C
_LATC5                      (abs)        007C5D
_OSCCON                     (abs)        000FD3
_OSCTUNEbits                (abs)        000F9B
_PEIE                       (abs)        007F96
_Set_Line                   text20       001EDA
_T0CON                      (abs)        000FD5
_TMR0                       (abs)        000FD6
_TMR0IE                     (abs)        007F95
_TRISA                      (abs)        000F92
_TRISB                      (abs)        000F93
_TRISC                      (abs)        000F94
_TaskAD                     text28       001DEC
_Write_Display              text17       001C40
_Write_caracter             text18       001796
__HRAM                      (abs)        000000
__Habs1                     abs1         000000
__Hbank0                    bank0        000000
__Hbank1                    bank1        000000
__Hbank10                   bank10       000000
__Hbank11                   bank11       000000
__Hbank12                   bank12       000000
__Hbank13                   bank13       000000
__Hbank14                   bank14       000000
__Hbank15                   bank15       000000
__Hbank2                    bank2        000000
__Hbank3                    bank3        000000
__Hbank4                    bank4        000000
__Hbank5                    bank5        000000
__Hbank6                    bank6        000000
__Hbank7                    bank7        000000
__Hbank8                    bank8        000000
__Hbank9                    bank9        000000
__Hbigbss                   bigbss       000000
__Hbigdata                  bigdata      000000
__Hbigram                   bigram       000000
__Hbss                      bss          000000
__HbssBANK0                 bssBANK0     000000
__HbssCOMRAM                bssCOMRAM    000000
__Hcinit                    cinit        000000
__Hclrtext                  clrtext      000000
__Hcomram                   comram       000000
__Hconfig                   config       30000E
__Hconst                    const        000000
__HcstackBANK0              cstackBANK0  000000
__HcstackCOMRAM             cstackCOMRAM 000000
__Hdata                     data         000000
__HdataBANK0                dataBANK0    000000
__Heeprom_data              eeprom_data  000000
__Hfarbss                   farbss       000000
__Hfardata                  fardata      000000
__Hibigdata                 ibigdata     000000
__Hidata                    idata        000000
__HidataBANK0               idataBANK0   000000
__Hidloc                    idloc        200008
__Hifardata                 ifardata     000000
__Hinit                     init         000046
__Hintcode                  intcode      000042
__Hintcode_body             intcode_body 000000
__Hintcodelo                intcodelo    000042
__Hintentry                 intentry     000000
__Hintret                   intret       000000
__Hintsave_regs             intsave_regs 000000
__Hirdata                   irdata       000000
__Hmediumconst              mediumconst  000000
__HnvFARRAM                 nvFARRAM     000000
__Hnvbit                    nvbit        000000
__Hnvrram                   nvrram       000000
__Hparam                    rparam       000000
__Hpowerup                  powerup      000042
__Hram                      ram          000000
__Hramtop                   ramtop       001000
__Hrbit                     rbit         000000
__Hrbss                     rbss         000000
__Hrdata                    rdata        000000
__Hreset_vec                reset_vec    000004
__Hrparam                   rparam       000000
__Hsfr                      sfr          000000
__Hsmallconst               smallconst   001014
__Hspace_0                  (abs)        00211C
__Hspace_1                  (abs)        0000D7
__Hspace_2                  (abs)        000000
__Hspace_4                  (abs)        60000E
__Hstack                    stack        000000
__Hstruct                   struct       000000
__Htemp                     temp         000060
__Htext                     text         000000
__Htext0                    text0        000000
__Htext1                    text1        000000
__Htext10                   text10       000000
__Htext11                   text11       000000
__Htext12                   text12       000000
__Htext13                   text13       000000
__Htext14                   text14       000000
__Htext15                   text15       000000
__Htext16                   text16       000000
__Htext17                   text17       000000
__Htext18                   text18       000000
__Htext19                   text19       000000
__Htext2                    text2        000000
__Htext20                   text20       000000
__Htext21                   text21       000000
__Htext22                   text22       000000
__Htext23                   text23       000000
__Htext24                   text24       000000
__Htext25                   text25       000000
__Htext26                   text26       000000
__Htext27                   text27       000000
__Htext28                   text28       000000
__Htext29                   text29       000000
__Htext3                    text3        000000
__Htext30                   text30       000000
__Htext31                   text31       000000
__Htext4                    text4        000000
__Htext5                    text5        000000
__Htext6                    text6        000000
__Htext7                    text7        000000
__Htext8                    text8        000000
__Htext9                    text9        000000
__LRAM                      (abs)        000001
__Labs1                     abs1         000000
__Lbank0                    bank0        000000
__Lbank1                    bank1        000000
__Lbank10                   bank10       000000
__Lbank11                   bank11       000000
__Lbank12                   bank12       000000
__Lbank13                   bank13       000000
__Lbank14                   bank14       000000
__Lbank15                   bank15       000000
__Lbank2                    bank2        000000
__Lbank3                    bank3        000000
__Lbank4                    bank4        000000
__Lbank5                    bank5        000000
__Lbank6                    bank6        000000
__Lbank7                    bank7        000000
__Lbank8                    bank8        000000
__Lbank9                    bank9        000000
__Lbigbss                   bigbss       000000
__Lbigdata                  bigdata      000000
__Lbigram                   bigram       000000
__Lbss                      bss          000000
__LbssBANK0                 bssBANK0     000000
__LbssCOMRAM                bssCOMRAM    000000
__Lcinit                    cinit        000000
__Lclrtext                  clrtext      000000
__Lcomram                   comram       000000
__Lconfig                   config       000000
__Lconst                    const        000000
__LcstackBANK0              cstackBANK0  000000
__LcstackCOMRAM             cstackCOMRAM 000000
__Ldata                     data         000000
__LdataBANK0                dataBANK0    000000
__Leeprom_data              eeprom_data  000000
__Lfarbss                   farbss       000000
__Lfardata                  fardata      000000
__Libigdata                 ibigdata     000000
__Lidata                    idata        000000
__LidataBANK0               idataBANK0   000000
__Lidloc                    idloc        000000
__Lifardata                 ifardata     000000
__Linit                     init         000042
__Lintcode                  intcode      000008
__Lintcode_body             intcode_body 000000
__Lintcodelo                intcodelo    000042
__Lintentry                 intentry     000000
__Lintret                   intret       000000
__Lintsave_regs             intsave_regs 000000
__Lirdata                   irdata       000000
__Lmediumconst              mediumconst  000000
__LnvFARRAM                 nvFARRAM     000000
__Lnvbit                    nvbit        000000
__Lnvrram                   nvrram       000000
__Lparam                    rparam       000000
__Lpowerup                  powerup      000042
__Lram                      ram          000000
__Lramtop                   ramtop       001000
__Lrbit                     rbit         000000
__Lrbss                     rbss         000000
__Lrdata                    rdata        000000
__Lreset_vec                reset_vec    000000
__Lrparam                   rparam       000000
__Lsfr                      sfr          000000
__Lsmallconst               smallconst   001000
__Lspace_0                  (abs)        000000
__Lspace_1                  (abs)        000000
__Lspace_2                  (abs)        000000
__Lspace_4                  (abs)        000000
__Lstack                    stack        000000
__Lstruct                   struct       000000
__Ltemp                     temp         00005F
__Ltext                     text         000000
__Ltext0                    text0        000000
__Ltext1                    text1        000000
__Ltext10                   text10       000000
__Ltext11                   text11       000000
__Ltext12                   text12       000000
__Ltext13                   text13       000000
__Ltext14                   text14       000000
__Ltext15                   text15       000000
__Ltext16                   text16       000000
__Ltext17                   text17       000000
__Ltext18                   text18       000000
__Ltext19                   text19       000000
__Ltext2                    text2        000000
__Ltext20                   text20       000000
__Ltext21                   text21       000000
__Ltext22                   text22       000000
__Ltext23                   text23       000000
__Ltext24                   text24       000000
__Ltext25                   text25       000000
__Ltext26                   text26       000000
__Ltext27                   text27       000000
__Ltext28                   text28       000000
__Ltext29                   text29       000000
__Ltext3                    text3        000000
__Ltext30                   text30       000000
__Ltext31                   text31       000000
__Ltext4                    text4        000000
__Ltext5                    text5        000000
__Ltext6                    text6        000000
__Ltext7                    text7        000000
__Ltext8                    text8        000000
__Ltext9                    text9        000000
__S0                        (abs)        00211C
__S1                        (abs)        0000D7
__S2                        (abs)        000000
__S4                        (abs)        000000
__S5                        (abs)        000000
___aodiv                    text13       0014AA
___aodiv@counter            cstackCOMRAM 000011
___aodiv@dividend           cstackCOMRAM 000001
___aodiv@divisor            cstackCOMRAM 000009
___aodiv@quotient           cstackCOMRAM 000013
___aodiv@sign               cstackCOMRAM 000012
___aomod                    text12       001632
___aomod@counter            cstackCOMRAM 000011
___aomod@dividend           cstackCOMRAM 000001
___aomod@divisor            cstackCOMRAM 000009
___aomod@sign               cstackCOMRAM 000012
___inthi_sp                 stack        000000
___intlo_sp                 stack        000000
___lwdiv                    text29       001CB4
___lwdiv@counter            cstackCOMRAM 000007
___lwdiv@dividend           cstackCOMRAM 000001
___lwdiv@divisor            cstackCOMRAM 000003
___lwdiv@quotient           cstackCOMRAM 000005
___param_bank               (abs)        000000
___rparam_used              (abs)        000001
___sp                       stack        000000
__accesstop                 (abs)        000060
__activetblptr              (abs)        000001
__end_of_ADC_Read           text30       002006
__end_of_Init_Timers        text31       002110
__end_of_Set_Line           text20       001F1E
__end_of_TaskAD             text28       001E44
__end_of_Write_Display      text17       001CB4
__end_of_Write_caracter     text18       0018A8
__end_of___aodiv            text13       001632
__end_of___aomod            text12       001796
__end_of___lwdiv            text29       001D28
__end_of__initialization    cinit        001F4C
__end_of_abs                text11       001F9E
__end_of_change_Message     text16       0019AE
__end_of_clear_Display      text26       002052
__end_of_display_Off        text25       0020D4
__end_of_display_On         text24       0020BC
__end_of_dtoa               text5        0012F6
__end_of_entry_mode_Set     text23       0020A4
__end_of_fputc              text9        001A78
__end_of_fputs              text8        001EDA
__end_of_function_Set       text22       00208C
__end_of_getMedia           text15       00211A
__end_of_initialize_LCD     text21       001DEC
__end_of_interruptsManager  intcode      000042
__end_of_main               text0        001BC6
__end_of_pad                text6        001B3E
__end_of_pinInverte         text14       0020FE
__end_of_putch              text10       00211C
__end_of_register_EN        text27       0020EA
__end_of_registra_RS        text19       002074
__end_of_sprintf            text2        001E96
__end_of_strlen             text7        001FD4
__end_of_tempo5_ms          text1        001C40
__end_of_vfpfcnvrt          text4        0014AA
__end_of_vfprintf           text3        001D8A
__initialization            cinit        001F1E
__mediumconst               mediumconst  000000
__pbssBANK0                 bssBANK0     000060
__pbssCOMRAM                bssCOMRAM    00005E
__pcinit                    cinit        001F1E
__pcstackBANK0              cstackBANK0  0000CF
__pcstackCOMRAM             cstackCOMRAM 000001
__pdataBANK0                dataBANK0    0000A9
__pidataBANK0               idataBANK0   002006
__pintcode                  intcode      000008
__psmallconst               smallconst   001000
__ptext0                    text0        001B3E
__ptext1                    text1        001BC6
__ptext10                   text10       00211A
__ptext11                   text11       001F5E
__ptext12                   text12       001632
__ptext13                   text13       0014AA
__ptext14                   text14       0020EA
__ptext15                   text15       002110
__ptext16                   text16       0018A8
__ptext17                   text17       001C40
__ptext18                   text18       001796
__ptext19                   text19       002052
__ptext2                    text2        001E44
__ptext20                   text20       001EDA
__ptext21                   text21       001D8A
__ptext22                   text22       002074
__ptext23                   text23       00208C
__ptext24                   text24       0020A4
__ptext25                   text25       0020BC
__ptext26                   text26       00202C
__ptext27                   text27       0020D4
__ptext28                   text28       001DEC
__ptext29                   text29       001CB4
__ptext3                    text3        001D28
__ptext30                   text30       001FD4
__ptext31                   text31       0020FE
__ptext4                    text4        0012F6
__ptext5                    text5        001014
__ptext6                    text6        001A78
__ptext7                    text7        001F9E
__ptext8                    text8        001E96
__ptext9                    text9        0019AE
__ramtop                    ramtop       001000
__size_of_ADC_Read          (abs)        000000
__size_of_Init_Timers       (abs)        000000
__size_of_Set_Line          (abs)        000000
__size_of_TaskAD            (abs)        000000
__size_of_Write_Display     (abs)        000000
__size_of_Write_caracter    (abs)        000000
__size_of___aodiv           (abs)        000000
__size_of___aomod           (abs)        000000
__size_of___lwdiv           (abs)        000000
__size_of_abs               (abs)        000000
__size_of_change_Message    (abs)        000000
__size_of_clear_Display     (abs)        000000
__size_of_display_Off       (abs)        000000
__size_of_display_On        (abs)        000000
__size_of_dtoa              (abs)        000000
__size_of_entry_mode_Set    (abs)        000000
__size_of_fputc             (abs)        000000
__size_of_fputs             (abs)        000000
__size_of_function_Set      (abs)        000000
__size_of_getMedia          (abs)        000000
__size_of_initialize_LCD    (abs)        000000
__size_of_interruptsManager (abs)        000000
__size_of_main              (abs)        000000
__size_of_pad               (abs)        000000
__size_of_pinInverte        (abs)        000000
__size_of_putch             (abs)        000000
__size_of_register_EN       (abs)        000000
__size_of_registra_RS       (abs)        000000
__size_of_sprintf           (abs)        000000
__size_of_strlen            (abs)        000000
__size_of_tempo5_ms         (abs)        000000
__size_of_vfpfcnvrt         (abs)        000000
__size_of_vfprintf          (abs)        000000
__smallconst                smallconst   001000
_abs                        text11       001F5E
_ad                         bssBANK0     000072
_change_Message             text16       0018A8
_clear_Display              text26       00202C
_contador                   bssBANK0     000070
_contador_media             bssBANK0     000068
_counter_50ms               bssBANK0     000074
_counter_5ms                bssBANK0     000076
_dbuf                       bssBANK0     000078
_display_Off                text25       0020BC
_display_On                 text24       0020A4
_div_media                  dataBANK0    0000CB
_dtoa                       text5        001014
_dtoa$852                   cstackCOMRAM 00002E
_entry_mode_Set             text23       00208C
_flags                      bssBANK0     000066
_fputc                      text9        0019AE
_fputs                      text8        001E96
_function_Set               text22       002074
_getMedia                   text15       002110
_initialize_LCD             text21       001D8A
_interruptsManager          intcode      000008
_linha_LCD                  bssCOMRAM    00005E
_main                       text0        001B3E
_media                      bssBANK0     00006C
_message                    dataBANK0    0000A9
_nout                       bssBANK0     000060
_pad                        text6        001A78
_pinInverte                 text14       0020EA
_position_String            bssBANK0     00006E
_prec                       bssBANK0     000064
_putch                      text10       00211A
_register_EN                text27       0020D4
_registra_RS                text19       002052
_soma                       bssBANK0     00006A
_sprintf                    text2        001E44
_status_LCD_startup         dataBANK0    0000CD
_strlen                     text7        001F9E
_tempo5_ms                  text1        001BC6
_timer                      bssBANK0     000098
_vfpfcnvrt                  text4        0012F6
_vfprintf                   text3        001D28
_width                      bssBANK0     000062
abs@a                       cstackCOMRAM 000013
btemp                       temp         00005F
change_Message@i            cstackCOMRAM 000008
change_Message@line         cstackCOMRAM 000007
change_Message@new_Text     cstackCOMRAM 000001
dtoa@d                      cstackCOMRAM 00001E
dtoa@fp                     cstackCOMRAM 00001C
dtoa@i                      cstackCOMRAM 00003E
dtoa@n                      cstackCOMRAM 000036
dtoa@p                      cstackCOMRAM 000030
dtoa@s                      cstackCOMRAM 000034
dtoa@w                      cstackCOMRAM 000032
end_of_initialization       cinit        001F4C
fputc@c                     cstackCOMRAM 000001
fputc@fp                    cstackCOMRAM 000003
fputs@c                     cstackCOMRAM 00000E
fputs@fp                    cstackCOMRAM 00000C
fputs@i                     cstackCOMRAM 00000F
fputs@s                     cstackCOMRAM 00000A
int$flags                   temp         00005F
intlevel0                   text         000000
intlevel1                   text         000000
intlevel2                   text         000000
intlevel3                   text         000000
isa$std                     (abs)        000001
isa$xinst                   (abs)        000000
pad@buf                     cstackCOMRAM 000013
pad@fp                      cstackCOMRAM 000011
pad@i                       cstackCOMRAM 000018
pad@p                       cstackCOMRAM 000015
pad@w                       cstackCOMRAM 00001A
sprintf@ap                  cstackBANK0  0000CF
sprintf@f                   cstackBANK0  0000D1
sprintf@fmt                 cstackCOMRAM 00005A
sprintf@s                   cstackCOMRAM 000058
stackhi                     (abs)        000F37
stacklo                     (abs)        0000D7
start                       init         000042
start_initialization        cinit        001F1E
strlen@a                    cstackCOMRAM 000003
strlen@s                    cstackCOMRAM 000001
ttemp5                      temp         000060
ttemp6                      temp         000063
ttemp7                      temp         000067
vfpfcnvrt@ap                cstackCOMRAM 000044
vfpfcnvrt@fmt               cstackCOMRAM 000042
vfpfcnvrt@fp                cstackCOMRAM 000040
vfpfcnvrt@ll                cstackCOMRAM 000048
vfprintf@ap                 cstackCOMRAM 000054
vfprintf@cfmt               cstackCOMRAM 000056
vfprintf@fmt                cstackCOMRAM 000052
vfprintf@fp                 cstackCOMRAM 000050
wtemp8                      temp         000060


MODULE INFORMATION

Module		Function		Class		Link	Load	Size
C:\Program Files\Microchip\xc8\v2.32\pic\sources\c99\common\nf_sprintf.c
		_sprintf       		CODE           	1E44	0000	82

C:\Program Files\Microchip\xc8\v2.32\pic\sources\c99\common\nf_sprintf.c estimated size: 82

ADInput.c
		_TaskAD        		CODE           	1DEC	0000	88
		_ADC_Read      		CODE           	1FD4	0000	50
		_getMedia      		CODE           	2110	0000	10

ADInput.c estimated size: 148

C:\Program Files\Microchip\xc8\v2.32\pic\sources\c99\common\doprnt.c
		_vfpfcnvrt     		CODE           	12F6	0000	436
		_pad           		CODE           	1A78	0000	198
		_dtoa          		CODE           	1014	0000	738
		_vfprintf      		CODE           	1D28	0000	98

C:\Program Files\Microchip\xc8\v2.32\pic\sources\c99\common\doprnt.c estimated size: 1470

C:\Program Files\Microchip\xc8\v2.32\pic\sources\c99\common\nf_fputs.c
		_fputs         		CODE           	1E96	0000	68

C:\Program Files\Microchip\xc8\v2.32\pic\sources\c99\common\nf_fputs.c estimated size: 68

C:\Program Files\Microchip\xc8\v2.32\pic\sources\c99\common\putch.c
		_putch         		CODE           	211A	0000	2

C:\Program Files\Microchip\xc8\v2.32\pic\sources\c99\common\putch.c estimated size: 2

C:\Program Files\Microchip\xc8\v2.32\pic\sources\c99\common\abs.c
		_abs           		CODE           	1F5E	0000	64

C:\Program Files\Microchip\xc8\v2.32\pic\sources\c99\common\abs.c estimated size: 64

C:\Program Files\Microchip\xc8\v2.32\pic\sources\c99\common\aomod.c
		___aomod       		CODE           	1632	0000	356

C:\Program Files\Microchip\xc8\v2.32\pic\sources\c99\common\aomod.c estimated size: 356

LCD_16x2.c
		_registra_RS   		CODE           	2052	0000	34
		_entry_mode_Set		CODE           	208C	0000	24
		_change_Message		CODE           	18A8	0000	262
		_register_EN   		CODE           	20D4	0000	22
		_Set_Line      		CODE           	1EDA	0000	68
		_display_On    		CODE           	20A4	0000	24
		_display_Off   		CODE           	20BC	0000	24
		_clear_Display 		CODE           	202C	0000	38
		_Write_caracter		CODE           	1796	0000	274
		_function_Set  		CODE           	2074	0000	24
		_Write_Display 		CODE           	1C40	0000	116
		_initialize_LCD		CODE           	1D8A	0000	98

LCD_16x2.c estimated size: 1008

shared
		__initialization		CODE           	1F1E	0000	46

shared estimated size: 46

C:\Program Files\Microchip\xc8\v2.32\pic\sources\c99\common\lwdiv.c
		___lwdiv       		CODE           	1CB4	0000	116

C:\Program Files\Microchip\xc8\v2.32\pic\sources\c99\common\lwdiv.c estimated size: 116

C:\Program Files\Microchip\xc8\v2.32\pic\sources\c99\common\nf_fputc.c
		_fputc         		CODE           	19AE	0000	202

C:\Program Files\Microchip\xc8\v2.32\pic\sources\c99\common\nf_fputc.c estimated size: 202

C:\Program Files\Microchip\xc8\v2.32\pic\sources\c99\common\aodiv.c
		___aodiv       		CODE           	14AA	0000	392

C:\Program Files\Microchip\xc8\v2.32\pic\sources\c99\common\aodiv.c estimated size: 392

main.c
		_Init_Timers   		CODE           	20FE	0000	18
		_main          		CODE           	1B3E	0000	136
		_tempo5_ms     		CODE           	1BC6	0000	122
		_pinInverte    		CODE           	20EA	0000	20
		_interruptsManager		CODE           	0008	0000	58

main.c estimated size: 354

C:\Program Files\Microchip\xc8\v2.32\pic\sources\c99\common\strlen.c
		_strlen        		CODE           	1F9E	0000	54

C:\Program Files\Microchip\xc8\v2.32\pic\sources\c99\common\strlen.c estimated size: 54

