Microchip MPLAB XC8 Compiler V2.32

Linker command line:

-W-3 --edf=C:\Program Files\Microchip\xc8\v2.32\pic\dat\en_msgs.txt -cn \
  -h+dist/default/production\Inicializar_LCD-2.X.production.sym \
  --cmf=dist/default/production\Inicializar_LCD-2.X.production.cmf -z \
  -Q18F46K22 -oC:\Users\ANDREY~1.HIE\AppData\Local\Temp\xcAs5f0.5 \
  --defsym=__MPLAB_BUILD=1 \
  -Mdist/default/production/Inicializar_LCD-2.X.production.map -E1 \
  -ver=XC8 Compiler --acfsm=1493 -ASTACK=0CDh-0F37h -pstack=STACK \
  -ACODE=00h-0FFFFh -ACONST=00h-0FFFFh -ASMALLCONST=01000h-010FFhx240 \
  -AMEDIUMCONST=01000h-0FFFFh -ACOMRAM=01h-05Fh -AABS1=00h-0F37h \
  -ABIGRAM=01h-0F37h -ARAM=060h-0FFh,0100h-01FFhx14,0F00h-0F37h \
  -ABANK0=060h-0FFh -ABANK1=0100h-01FFh -ABANK2=0200h-02FFh \
  -ABANK3=0300h-03FFh -ABANK4=0400h-04FFh -ABANK5=0500h-05FFh \
  -ABANK6=0600h-06FFh -ABANK7=0700h-07FFh -ABANK8=0800h-08FFh \
  -ABANK9=0900h-09FFh -ABANK10=0A00h-0AFFh -ABANK11=0B00h-0BFFh \
  -ABANK12=0C00h-0CFFh -ABANK13=0D00h-0DFFh -ABANK14=0E00h-0EFFh \
  -ABANK15=0F00h-0F37h -ASFR=0F38h-0F5Fh,0F60h-0FFFh \
  -ACONFIG=0300000h-030000Dh -AIDLOC=0200000h-0200007h \
  -AEEDATA=0F00000h-0F003FFh -peeprom_data=EEDATA \
  -preset_vec=00h,intcode=08h,intcodelo,powerup,init -pramtop=01000h \
  -psmallconst=SMALLCONST -pmediumconst=MEDIUMCONST -pconst=CONST \
  -AFARRAM=00h-00h \
  -prdata=COMRAM,nvrram=COMRAM,nvbit=COMRAM,rbss=COMRAM,rbit=COMRAM \
  -pfarbss=FARRAM,fardata=FARRAM,nvFARRAM=FARRAM \
  -pintsave_regs=BIGRAM,bigbss=BIGRAM,bigdata=BIGRAM -pbss=RAM \
  -pidata=CODE,irdata=CODE,ibigdata=CODE,ifardata=CODE -prparam=COMRAM \
  C:\Users\ANDREY~1.HIE\AppData\Local\Temp\xcAs5f0.o \
  dist/default/production\Inicializar_LCD-2.X.production.o 

Object code version is 3.11

Machine type is 18F46K22



                Name                               Link     Load   Length Selector   Space Scale
C:\Users\ANDREY~1.HIE\AppData\Local\Temp\xcAs5f0.o
                idloc                            200000   200000        8        0       5
                config                           300000   300000        E        0       4
                init                                 3E       3E        4        4       0
                reset_vec                             0        0        4        0       0
dist/default/production\Inicializar_LCD-2.X.production.o
                intcode                               8        8       36        4       0
                idloc                            200000   200000        8        0       5
                config                           300000   300000        E        0       4
                temp                                 5F       5F        1        1       1
                smallconst                         1000     1000       14      800       0
                text26                             1EF6     1EF6       32      80A       0
                text25                             1FFA     1FFA        C      80A       0
                text24                             1FE8     1FE8       12      80A       0
                text23                             1DFC     1DFC       44      80A       0
                text22                             1FD2     1FD2       16      80A       0
                text21                             1796     1796      112      80A       0
                text20                             1C36     1C36       74      80A       0
                text19                             18A8     18A8      106      80A       0
                text18                             1F28     1F28       26      80A       0
                text17                             1FBA     1FBA       18      80A       0
                text16                             1FA2     1FA2       18      80A       0
                text15                             1F8A     1F8A       18      80A       0
                text14                             1F72     1F72       18      80A       0
                text13                             1D0C     1D0C       5A      80A       0
                text12                             14AA     14AA      188      80A       0
                text11                             1632     1632      164      80A       0
                text10                             1E80     1E80       40      80A       0
                text9                              2006     2006        2      80A       0
                text8                              1AA6     1AA6       CA      80A       0
                text7                              1DB8     1DB8       44      80A       0
                text6                              1EC0     1EC0       36      80A       0
                text5                              1B70     1B70       C6      80A       0
                text4                              1014     1014      2E2      80A       0
                text3                              12F6     12F6      1B4      80A       0
                text2                              1CAA     1CAA       62      80A       0
                text1                              1D66     1D66       52      80A       0
                text0                              19AE     19AE       F8      80A       0
                cstackCOMRAM                          1        1       5D        1       1
                cstackBANK0                          B2       B2       1B       60       1
                dataBANK0                            8E       8E       24       60       1
                bssBANK0                             60       60       2E       60       1
                bssCOMRAM                            5E       5E        1        1       1
                cinit                              1E40     1E40       40      80A       0
                idataBANK0                         1F4E     1F4E       24      80A       0

TOTAL           Name                               Link     Load   Length     Space
        CLASS   STACK          

        CLASS   CODE           
                intcode                               8        8       36         0
                init                                 3E       3E        4         0
                reset_vec                             0        0        4         0
                text26                             1EF6     1EF6       32         0
                text25                             1FFA     1FFA        C         0
                text24                             1FE8     1FE8       12         0
                text23                             1DFC     1DFC       44         0
                text22                             1FD2     1FD2       16         0
                text21                             1796     1796      112         0
                text20                             1C36     1C36       74         0
                text19                             18A8     18A8      106         0
                text18                             1F28     1F28       26         0
                text17                             1FBA     1FBA       18         0
                text16                             1FA2     1FA2       18         0
                text15                             1F8A     1F8A       18         0
                text14                             1F72     1F72       18         0
                text13                             1D0C     1D0C       5A         0
                text12                             14AA     14AA      188         0
                text11                             1632     1632      164         0
                text10                             1E80     1E80       40         0
                text9                              2006     2006        2         0
                text8                              1AA6     1AA6       CA         0
                text7                              1DB8     1DB8       44         0
                text6                              1EC0     1EC0       36         0
                text5                              1B70     1B70       C6         0
                text4                              1014     1014      2E2         0
                text3                              12F6     12F6      1B4         0
                text2                              1CAA     1CAA       62         0
                text1                              1D66     1D66       52         0
                text0                              19AE     19AE       F8         0
                cinit                              1E40     1E40       40         0
                idataBANK0                         1F4E     1F4E       24         0

        CLASS   CONST          

        CLASS   SMALLCONST     
                smallconst                         1000     1000       14         0

        CLASS   MEDIUMCONST    

        CLASS   COMRAM         
                temp                                 5F       5F        1         1
                cstackCOMRAM                          1        1       5D         1
                bssCOMRAM                            5E       5E        1         1

        CLASS   ABS1           

        CLASS   BIGRAM         

        CLASS   RAM            

        CLASS   BANK0          
                cstackBANK0                          B2       B2       1B         1
                dataBANK0                            8E       8E       24         1
                bssBANK0                             60       60       2E         1

        CLASS   BANK1          

        CLASS   BANK2          

        CLASS   BANK3          

        CLASS   BANK4          

        CLASS   BANK5          

        CLASS   BANK6          

        CLASS   BANK7          

        CLASS   BANK8          

        CLASS   BANK9          

        CLASS   BANK10         

        CLASS   BANK11         

        CLASS   BANK12         

        CLASS   BANK13         

        CLASS   BANK14         

        CLASS   BANK15         

        CLASS   SFR            

        CLASS   CONFIG         
                config                           300000   300000        E         4

        CLASS   IDLOC          
                idloc                            200000   200000        8         5

        CLASS   EEDATA         

        CLASS   FARRAM         



SEGMENTS        Name                           Load    Length   Top    Selector   Space  Class

                reset_vec                      000000  000004  000004         0       0  CODE    
                cstackCOMRAM                   000001  00005F  000060         1       1  COMRAM  
                intcode                        000008  00003A  000042         4       0  CODE    
                bssBANK0                       000060  00006D  0000CD        60       1  BANK0   
                smallconst                     001000  000014  001014       800       0  SMALLCON
                text4                          001014  000FF4  002008       80A       0  CODE    


UNUSED ADDRESS RANGES

        Name                Unused          Largest block    Delta
        BANK0            0000CD-0000FF               33
        BANK1            000100-0001FF              100
        BANK10           000A00-000AFF              100
        BANK11           000B00-000BFF              100
        BANK12           000C00-000CFF              100
        BANK13           000D00-000DFF              100
        BANK14           000E00-000EFF              100
        BANK15           000F00-000F37               38
        BANK2            000200-0002FF              100
        BANK3            000300-0003FF              100
        BANK4            000400-0004FF              100
        BANK5            000500-0005FF              100
        BANK6            000600-0006FF              100
        BANK7            000700-0007FF              100
        BANK8            000800-0008FF              100
        BANK9            000900-0009FF              100
        BIGRAM           0000CD-000F37              E6B
        CODE             000004-000007                4
                         000042-000FFF              FBE
                         002008-00FFFF             DFF8
        CONST            000004-000007                4
                         000042-000FFF              FBE
                         002008-00FFFF             DFF8
        EEDATA           F00000-F003FF              400
        MEDIUMCONST      002008-00FFFF             DFF8
        RAM              0000CD-000F37              100
        SFR              000F38-000FFF               28
        SMALLCONST       002008-00FFFF              100
        STACK            0000CD-000F37              E6B

                                  Symbol Table

?_ADC_Read                  cstackCOMRAM 000001
?___aodiv                   cstackCOMRAM 000001
?___aomod                   cstackCOMRAM 000001
?_abs                       cstackCOMRAM 000013
?_dtoa                      cstackCOMRAM 00001C
?_pad                       cstackCOMRAM 000011
?_sprintf                   cstackCOMRAM 000058
?_strlen                    cstackCOMRAM 000001
?_vfpfcnvrt                 cstackCOMRAM 000040
?_vfprintf                  cstackCOMRAM 000050
ADC_Read@digital            cstackCOMRAM 000005
Set_Line@line               cstackCOMRAM 000001
Write_caracter@c            cstackCOMRAM 000003
_ADCON0                     (abs)        000FC2
_ADCON0bits                 (abs)        000FC2
_ADCON1                     (abs)        000FC1
_ADCON2                     (abs)        000FC0
_ADC_Read                   text26       001EF6
_ADRESH                     (abs)        000FC4
_ADRESL                     (abs)        000FC3
_GIE                        (abs)        007F97
_INTCONbits                 (abs)        000FF2
_Init_Timers                text25       001FFA
_LATB                       (abs)        000F8A
_LATB0                      (abs)        007C50
_LATB1                      (abs)        007C51
_LATB2                      (abs)        007C52
_LATB3                      (abs)        007C53
_LATB4                      (abs)        007C54
_LATB5                      (abs)        007C55
_LATB6                      (abs)        007C56
_LATB7                      (abs)        007C57
_LATC                       (abs)        000F8B
_LATC4                      (abs)        007C5C
_LATC5                      (abs)        007C5D
_OSCCON                     (abs)        000FD3
_PEIE                       (abs)        007F96
_Set_Line                   text23       001DFC
_T0CON                      (abs)        000FD5
_TMR0                       (abs)        000FD6
_TMR0IE                     (abs)        007F95
_TRISA                      (abs)        000F92
_TRISB                      (abs)        000F93
_TRISC                      (abs)        000F94
_Write_Display              text20       001C36
_Write_caracter             text21       001796
__HRAM                      (abs)        000000
__Habs1                     abs1         000000
__Hbank0                    bank0        000000
__Hbank1                    bank1        000000
__Hbank10                   bank10       000000
__Hbank11                   bank11       000000
__Hbank12                   bank12       000000
__Hbank13                   bank13       000000
__Hbank14                   bank14       000000
__Hbank15                   bank15       000000
__Hbank2                    bank2        000000
__Hbank3                    bank3        000000
__Hbank4                    bank4        000000
__Hbank5                    bank5        000000
__Hbank6                    bank6        000000
__Hbank7                    bank7        000000
__Hbank8                    bank8        000000
__Hbank9                    bank9        000000
__Hbigbss                   bigbss       000000
__Hbigdata                  bigdata      000000
__Hbigram                   bigram       000000
__Hbss                      bss          000000
__HbssBANK0                 bssBANK0     000000
__HbssCOMRAM                bssCOMRAM    000000
__Hcinit                    cinit        000000
__Hclrtext                  clrtext      000000
__Hcomram                   comram       000000
__Hconfig                   config       30000E
__Hconst                    const        000000
__HcstackBANK0              cstackBANK0  000000
__HcstackCOMRAM             cstackCOMRAM 000000
__Hdata                     data         000000
__HdataBANK0                dataBANK0    000000
__Heeprom_data              eeprom_data  000000
__Hfarbss                   farbss       000000
__Hfardata                  fardata      000000
__Hibigdata                 ibigdata     000000
__Hidata                    idata        000000
__HidataBANK0               idataBANK0   000000
__Hidloc                    idloc        200008
__Hifardata                 ifardata     000000
__Hinit                     init         000042
__Hintcode                  intcode      00003E
__Hintcode_body             intcode_body 000000
__Hintcodelo                intcodelo    00003E
__Hintentry                 intentry     000000
__Hintret                   intret       000000
__Hintsave_regs             intsave_regs 000000
__Hirdata                   irdata       000000
__Hmediumconst              mediumconst  000000
__HnvFARRAM                 nvFARRAM     000000
__Hnvbit                    nvbit        000000
__Hnvrram                   nvrram       000000
__Hparam                    rparam       000000
__Hpowerup                  powerup      00003E
__Hram                      ram          000000
__Hramtop                   ramtop       001000
__Hrbit                     rbit         000000
__Hrbss                     rbss         000000
__Hrdata                    rdata        000000
__Hreset_vec                reset_vec    000004
__Hrparam                   rparam       000000
__Hsfr                      sfr          000000
__Hsmallconst               smallconst   001014
__Hspace_0                  (abs)        002008
__Hspace_1                  (abs)        0000CD
__Hspace_2                  (abs)        000000
__Hspace_4                  (abs)        60000E
__Hstack                    stack        000000
__Hstruct                   struct       000000
__Htemp                     temp         000060
__Htext                     text         000000
__Htext0                    text0        000000
__Htext1                    text1        000000
__Htext10                   text10       000000
__Htext11                   text11       000000
__Htext12                   text12       000000
__Htext13                   text13       000000
__Htext14                   text14       000000
__Htext15                   text15       000000
__Htext16                   text16       000000
__Htext17                   text17       000000
__Htext18                   text18       000000
__Htext19                   text19       000000
__Htext2                    text2        000000
__Htext20                   text20       000000
__Htext21                   text21       000000
__Htext22                   text22       000000
__Htext23                   text23       000000
__Htext24                   text24       000000
__Htext25                   text25       000000
__Htext26                   text26       000000
__Htext3                    text3        000000
__Htext4                    text4        000000
__Htext5                    text5        000000
__Htext6                    text6        000000
__Htext7                    text7        000000
__Htext8                    text8        000000
__Htext9                    text9        000000
__LRAM                      (abs)        000001
__Labs1                     abs1         000000
__Lbank0                    bank0        000000
__Lbank1                    bank1        000000
__Lbank10                   bank10       000000
__Lbank11                   bank11       000000
__Lbank12                   bank12       000000
__Lbank13                   bank13       000000
__Lbank14                   bank14       000000
__Lbank15                   bank15       000000
__Lbank2                    bank2        000000
__Lbank3                    bank3        000000
__Lbank4                    bank4        000000
__Lbank5                    bank5        000000
__Lbank6                    bank6        000000
__Lbank7                    bank7        000000
__Lbank8                    bank8        000000
__Lbank9                    bank9        000000
__Lbigbss                   bigbss       000000
__Lbigdata                  bigdata      000000
__Lbigram                   bigram       000000
__Lbss                      bss          000000
__LbssBANK0                 bssBANK0     000000
__LbssCOMRAM                bssCOMRAM    000000
__Lcinit                    cinit        000000
__Lclrtext                  clrtext      000000
__Lcomram                   comram       000000
__Lconfig                   config       000000
__Lconst                    const        000000
__LcstackBANK0              cstackBANK0  000000
__LcstackCOMRAM             cstackCOMRAM 000000
__Ldata                     data         000000
__LdataBANK0                dataBANK0    000000
__Leeprom_data              eeprom_data  000000
__Lfarbss                   farbss       000000
__Lfardata                  fardata      000000
__Libigdata                 ibigdata     000000
__Lidata                    idata        000000
__LidataBANK0               idataBANK0   000000
__Lidloc                    idloc        000000
__Lifardata                 ifardata     000000
__Linit                     init         00003E
__Lintcode                  intcode      000008
__Lintcode_body             intcode_body 000000
__Lintcodelo                intcodelo    00003E
__Lintentry                 intentry     000000
__Lintret                   intret       000000
__Lintsave_regs             intsave_regs 000000
__Lirdata                   irdata       000000
__Lmediumconst              mediumconst  000000
__LnvFARRAM                 nvFARRAM     000000
__Lnvbit                    nvbit        000000
__Lnvrram                   nvrram       000000
__Lparam                    rparam       000000
__Lpowerup                  powerup      00003E
__Lram                      ram          000000
__Lramtop                   ramtop       001000
__Lrbit                     rbit         000000
__Lrbss                     rbss         000000
__Lrdata                    rdata        000000
__Lreset_vec                reset_vec    000000
__Lrparam                   rparam       000000
__Lsfr                      sfr          000000
__Lsmallconst               smallconst   001000
__Lspace_0                  (abs)        000000
__Lspace_1                  (abs)        000000
__Lspace_2                  (abs)        000000
__Lspace_4                  (abs)        000000
__Lstack                    stack        000000
__Lstruct                   struct       000000
__Ltemp                     temp         00005F
__Ltext                     text         000000
__Ltext0                    text0        000000
__Ltext1                    text1        000000
__Ltext10                   text10       000000
__Ltext11                   text11       000000
__Ltext12                   text12       000000
__Ltext13                   text13       000000
__Ltext14                   text14       000000
__Ltext15                   text15       000000
__Ltext16                   text16       000000
__Ltext17                   text17       000000
__Ltext18                   text18       000000
__Ltext19                   text19       000000
__Ltext2                    text2        000000
__Ltext20                   text20       000000
__Ltext21                   text21       000000
__Ltext22                   text22       000000
__Ltext23                   text23       000000
__Ltext24                   text24       000000
__Ltext25                   text25       000000
__Ltext26                   text26       000000
__Ltext3                    text3        000000
__Ltext4                    text4        000000
__Ltext5                    text5        000000
__Ltext6                    text6        000000
__Ltext7                    text7        000000
__Ltext8                    text8        000000
__Ltext9                    text9        000000
__S0                        (abs)        002008
__S1                        (abs)        0000CD
__S2                        (abs)        000000
__S4                        (abs)        000000
__S5                        (abs)        000000
___aodiv                    text12       0014AA
___aodiv@counter            cstackCOMRAM 000011
___aodiv@dividend           cstackCOMRAM 000001
___aodiv@divisor            cstackCOMRAM 000009
___aodiv@quotient           cstackCOMRAM 000013
___aodiv@sign               cstackCOMRAM 000012
___aomod                    text11       001632
___aomod@counter            cstackCOMRAM 000011
___aomod@dividend           cstackCOMRAM 000001
___aomod@divisor            cstackCOMRAM 000009
___aomod@sign               cstackCOMRAM 000012
___inthi_sp                 stack        000000
___intlo_sp                 stack        000000
___param_bank               (abs)        000000
___rparam_used              (abs)        000001
___sp                       stack        000000
__accesstop                 (abs)        000060
__activetblptr              (abs)        000001
__end_of_ADC_Read           text26       001F28
__end_of_Init_Timers        text25       002006
__end_of_Set_Line           text23       001E40
__end_of_Write_Display      text20       001CAA
__end_of_Write_caracter     text21       0018A8
__end_of___aodiv            text12       001632
__end_of___aomod            text11       001796
__end_of__initialization    cinit        001E6E
__end_of_abs                text10       001EC0
__end_of_change_Message     text19       0019AE
__end_of_clear_Display      text18       001F4E
__end_of_display_Off        text17       001FD2
__end_of_display_On         text16       001FBA
__end_of_dtoa               text4        0012F6
__end_of_entry_mode_Set     text15       001FA2
__end_of_fputc              text8        001B70
__end_of_fputs              text7        001DFC
__end_of_function_Set       text14       001F8A
__end_of_initialize_LCD     text13       001D66
__end_of_interruptsManager  intcode      00003E
__end_of_main               text0        001AA6
__end_of_pad                text5        001C36
__end_of_putch              text9        002008
__end_of_register_EN        text24       001FFA
__end_of_registra_RS        text22       001FE8
__end_of_sprintf            text1        001DB8
__end_of_strlen             text6        001EF6
__end_of_vfpfcnvrt          text3        0014AA
__end_of_vfprintf           text2        001D0C
__initialization            cinit        001E40
__mediumconst               mediumconst  000000
__pbssBANK0                 bssBANK0     000060
__pbssCOMRAM                bssCOMRAM    00005E
__pcinit                    cinit        001E40
__pcstackBANK0              cstackBANK0  0000B2
__pcstackCOMRAM             cstackCOMRAM 000001
__pdataBANK0                dataBANK0    00008E
__pidataBANK0               idataBANK0   001F4E
__pintcode                  intcode      000008
__psmallconst               smallconst   001000
__ptext0                    text0        0019AE
__ptext1                    text1        001D66
__ptext10                   text10       001E80
__ptext11                   text11       001632
__ptext12                   text12       0014AA
__ptext13                   text13       001D0C
__ptext14                   text14       001F72
__ptext15                   text15       001F8A
__ptext16                   text16       001FA2
__ptext17                   text17       001FBA
__ptext18                   text18       001F28
__ptext19                   text19       0018A8
__ptext2                    text2        001CAA
__ptext20                   text20       001C36
__ptext21                   text21       001796
__ptext22                   text22       001FD2
__ptext23                   text23       001DFC
__ptext24                   text24       001FE8
__ptext25                   text25       001FFA
__ptext26                   text26       001EF6
__ptext3                    text3        0012F6
__ptext4                    text4        001014
__ptext5                    text5        001B70
__ptext6                    text6        001EC0
__ptext7                    text7        001DB8
__ptext8                    text8        001AA6
__ptext9                    text9        002006
__ramtop                    ramtop       001000
__size_of_ADC_Read          (abs)        000000
__size_of_Init_Timers       (abs)        000000
__size_of_Set_Line          (abs)        000000
__size_of_Write_Display     (abs)        000000
__size_of_Write_caracter    (abs)        000000
__size_of___aodiv           (abs)        000000
__size_of___aomod           (abs)        000000
__size_of_abs               (abs)        000000
__size_of_change_Message    (abs)        000000
__size_of_clear_Display     (abs)        000000
__size_of_display_Off       (abs)        000000
__size_of_display_On        (abs)        000000
__size_of_dtoa              (abs)        000000
__size_of_entry_mode_Set    (abs)        000000
__size_of_fputc             (abs)        000000
__size_of_fputs             (abs)        000000
__size_of_function_Set      (abs)        000000
__size_of_initialize_LCD    (abs)        000000
__size_of_interruptsManager (abs)        000000
__size_of_main              (abs)        000000
__size_of_pad               (abs)        000000
__size_of_putch             (abs)        000000
__size_of_register_EN       (abs)        000000
__size_of_registra_RS       (abs)        000000
__size_of_sprintf           (abs)        000000
__size_of_strlen            (abs)        000000
__size_of_vfpfcnvrt         (abs)        000000
__size_of_vfprintf          (abs)        000000
__smallconst                smallconst   001000
_abs                        text10       001E80
_change_Message             text19       0018A8
_clear_Display              text18       001F28
_contador                   bssBANK0     000068
_counter_display            bssBANK0     00006A
_dbuf                       bssBANK0     00006E
_display_Off                text17       001FBA
_display_On                 text16       001FA2
_dtoa                       text4        001014
_dtoa$819                   cstackCOMRAM 00002E
_entry_mode_Set             text15       001F8A
_flags                      bssBANK0     000066
_fputc                      text8        001AA6
_fputs                      text7        001DB8
_function_Set               text14       001F72
_initialize_LCD             text13       001D0C
_interruptsManager          intcode      000008
_linha_LCD                  bssCOMRAM    00005E
_main                       text0        0019AE
_message                    dataBANK0    00008E
_nout                       bssBANK0     000060
_pad                        text5        001B70
_position_String            bssBANK0     00006C
_prec                       bssBANK0     000064
_putch                      text9        002006
_register_EN                text24       001FE8
_registra_RS                text22       001FD2
_sprintf                    text1        001D66
_status_LCD_startup         dataBANK0    0000B0
_strlen                     text6        001EC0
_vfpfcnvrt                  text3        0012F6
_vfprintf                   text2        001CAA
_width                      bssBANK0     000062
abs@a                       cstackCOMRAM 000013
btemp                       temp         00005F
change_Message@i            cstackCOMRAM 000008
change_Message@line         cstackCOMRAM 000007
change_Message@new_Text     cstackCOMRAM 000001
dtoa@d                      cstackCOMRAM 00001E
dtoa@fp                     cstackCOMRAM 00001C
dtoa@i                      cstackCOMRAM 00003E
dtoa@n                      cstackCOMRAM 000036
dtoa@p                      cstackCOMRAM 000030
dtoa@s                      cstackCOMRAM 000034
dtoa@w                      cstackCOMRAM 000032
end_of_initialization       cinit        001E6E
fputc@c                     cstackCOMRAM 000001
fputc@fp                    cstackCOMRAM 000003
fputs@c                     cstackCOMRAM 00000E
fputs@fp                    cstackCOMRAM 00000C
fputs@i                     cstackCOMRAM 00000F
fputs@s                     cstackCOMRAM 00000A
int$flags                   temp         00005F
intlevel0                   text         000000
intlevel1                   text         000000
intlevel2                   text         000000
intlevel3                   text         000000
isa$std                     (abs)        000001
isa$xinst                   (abs)        000000
main@ad                     cstackBANK0  0000CB
main@timer                  cstackBANK0  0000BA
pad@buf                     cstackCOMRAM 000013
pad@fp                      cstackCOMRAM 000011
pad@i                       cstackCOMRAM 000018
pad@p                       cstackCOMRAM 000015
pad@w                       cstackCOMRAM 00001A
sprintf@ap                  cstackBANK0  0000B2
sprintf@f                   cstackBANK0  0000B4
sprintf@fmt                 cstackCOMRAM 00005A
sprintf@s                   cstackCOMRAM 000058
stackhi                     (abs)        000F37
stacklo                     (abs)        0000CD
start                       init         00003E
start_initialization        cinit        001E40
strlen@a                    cstackCOMRAM 000003
strlen@s                    cstackCOMRAM 000001
ttemp5                      temp         000060
ttemp6                      temp         000063
ttemp7                      temp         000067
vfpfcnvrt@ap                cstackCOMRAM 000044
vfpfcnvrt@fmt               cstackCOMRAM 000042
vfpfcnvrt@fp                cstackCOMRAM 000040
vfpfcnvrt@ll                cstackCOMRAM 000048
vfprintf@ap                 cstackCOMRAM 000054
vfprintf@cfmt               cstackCOMRAM 000056
vfprintf@fmt                cstackCOMRAM 000052
vfprintf@fp                 cstackCOMRAM 000050
wtemp8                      temp         000060


MODULE INFORMATION

Module		Function		Class		Link	Load	Size
C:\Program Files\Microchip\xc8\v2.32\pic\sources\c99\common\nf_sprintf.c
		_sprintf       		CODE           	1D66	0000	82

C:\Program Files\Microchip\xc8\v2.32\pic\sources\c99\common\nf_sprintf.c estimated size: 82

ADInput.c
		_ADC_Read      		CODE           	1EF6	0000	50

ADInput.c estimated size: 50

C:\Program Files\Microchip\xc8\v2.32\pic\sources\c99\common\doprnt.c
		_vfpfcnvrt     		CODE           	12F6	0000	436
		_pad           		CODE           	1B70	0000	198
		_dtoa          		CODE           	1014	0000	738
		_vfprintf      		CODE           	1CAA	0000	98

C:\Program Files\Microchip\xc8\v2.32\pic\sources\c99\common\doprnt.c estimated size: 1470

C:\Program Files\Microchip\xc8\v2.32\pic\sources\c99\common\nf_fputs.c
		_fputs         		CODE           	1DB8	0000	68

C:\Program Files\Microchip\xc8\v2.32\pic\sources\c99\common\nf_fputs.c estimated size: 68

C:\Program Files\Microchip\xc8\v2.32\pic\sources\c99\common\putch.c
		_putch         		CODE           	2006	0000	2

C:\Program Files\Microchip\xc8\v2.32\pic\sources\c99\common\putch.c estimated size: 2

C:\Program Files\Microchip\xc8\v2.32\pic\sources\c99\common\abs.c
		_abs           		CODE           	1E80	0000	64

C:\Program Files\Microchip\xc8\v2.32\pic\sources\c99\common\abs.c estimated size: 64

C:\Program Files\Microchip\xc8\v2.32\pic\sources\c99\common\aomod.c
		___aomod       		CODE           	1632	0000	356

C:\Program Files\Microchip\xc8\v2.32\pic\sources\c99\common\aomod.c estimated size: 356

LCD_16x2.c
		_registra_RS   		CODE           	1FD2	0000	22
		_entry_mode_Set		CODE           	1F8A	0000	24
		_change_Message		CODE           	18A8	0000	262
		_register_EN   		CODE           	1FE8	0000	18
		_Set_Line      		CODE           	1DFC	0000	68
		_display_On    		CODE           	1FA2	0000	24
		_display_Off   		CODE           	1FBA	0000	24
		_clear_Display 		CODE           	1F28	0000	38
		_Write_caracter		CODE           	1796	0000	274
		_function_Set  		CODE           	1F72	0000	24
		_Write_Display 		CODE           	1C36	0000	116
		_initialize_LCD		CODE           	1D0C	0000	90

LCD_16x2.c estimated size: 984

shared
		__initialization		CODE           	1E40	0000	46

shared estimated size: 46

C:\Program Files\Microchip\xc8\v2.32\pic\sources\c99\common\nf_fputc.c
		_fputc         		CODE           	1AA6	0000	202

C:\Program Files\Microchip\xc8\v2.32\pic\sources\c99\common\nf_fputc.c estimated size: 202

C:\Program Files\Microchip\xc8\v2.32\pic\sources\c99\common\aodiv.c
		___aodiv       		CODE           	14AA	0000	392

C:\Program Files\Microchip\xc8\v2.32\pic\sources\c99\common\aodiv.c estimated size: 392

main.c
		_Init_Timers   		CODE           	1FFA	0000	12
		_main          		CODE           	19AE	0000	248
		_interruptsManager		CODE           	0008	0000	54

main.c estimated size: 314

C:\Program Files\Microchip\xc8\v2.32\pic\sources\c99\common\strlen.c
		_strlen        		CODE           	1EC0	0000	54

C:\Program Files\Microchip\xc8\v2.32\pic\sources\c99\common\strlen.c estimated size: 54

